2026-06-09 15:04:51,647 - INFO - ================================================================================
2026-06-09 15:04:51,647 - INFO - Iniciando ETL - Modo: initial
2026-06-09 15:04:51,647 - INFO - ================================================================================
2026-06-09 15:04:51,955 - ERROR - Erro ao acessar /business/list: 401 Client Error: Unauthorized for url: https://api.clinicorp.com/rest/v1/business/list
2026-06-09 15:04:51,955 - WARNING -   Nenhum dado extraído para clinics
2026-06-09 15:04:52,371 - INFO - HTTP Request: POST https://duydqaxviyyzqawqhmgy.supabase.co/rest/v1/sync_log "HTTP/2 401 Unauthorized"
2026-06-09 15:04:52,375 - ERROR - Erro ao atualizar sync_log para clinics: {'message': 'JSON could not be generated', 'code': 401, 'hint': 'Refer to full message for details', 'details': 'b\'{"message":"Invalid API key","hint":"Double check your Supabase `anon` or `service_role` API key."}\''}
2026-06-09 15:04:52,525 - ERROR - Erro ao acessar /security/list_users: 401 Client Error: Unauthorized for url: https://api.clinicorp.com/rest/v1/security/list_users
2026-06-09 15:04:52,525 - WARNING -   Nenhum dado extraído para users
2026-06-09 15:04:52,554 - INFO - HTTP Request: POST https://duydqaxviyyzqawqhmgy.supabase.co/rest/v1/sync_log "HTTP/2 401 Unauthorized"
2026-06-09 15:04:52,555 - ERROR - Erro ao atualizar sync_log para users: {'message': 'JSON could not be generated', 'code': 401, 'hint': 'Refer to full message for details', 'details': 'b\'{"message":"Invalid API key","hint":"Double check your Supabase `anon` or `service_role` API key."}\''}
2026-06-09 15:04:52,706 - ERROR - Erro ao acessar /patient/list: 401 Client Error: Unauthorized for url: https://api.clinicorp.com/rest/v1/patient/list
2026-06-09 15:04:52,707 - WARNING -   Nenhum dado extraído para patients
2026-06-09 15:04:52,750 - INFO - HTTP Request: POST https://duydqaxviyyzqawqhmgy.supabase.co/rest/v1/sync_log "HTTP/2 401 Unauthorized"
2026-06-09 15:04:52,752 - ERROR - Erro ao atualizar sync_log para patients: {'message': 'JSON could not be generated', 'code': 401, 'hint': 'Refer to full message for details', 'details': 'b\'{"message":"Invalid API key","hint":"Double check your Supabase `anon` or `service_role` API key."}\''}
2026-06-09 15:04:52,906 - ERROR - Erro ao acessar /professional/list_all_professionals: 401 Client Error: Unauthorized for url: https://api.clinicorp.com/rest/v1/professional/list_all_professionals
2026-06-09 15:04:52,906 - WARNING -   Nenhum dado extraído para professionals
2026-06-09 15:04:52,940 - INFO - HTTP Request: POST https://duydqaxviyyzqawqhmgy.supabase.co/rest/v1/sync_log "HTTP/2 401 Unauthorized"
2026-06-09 15:04:52,942 - ERROR - Erro ao atualizar sync_log para professionals: {'message': 'JSON could not be generated', 'code': 401, 'hint': 'Refer to full message for details', 'details': 'b\'{"message":"Invalid API key","hint":"Double check your Supabase `anon` or `service_role` API key."}\''}
2026-06-09 15:04:53,098 - ERROR - Erro ao acessar /appointment/list: 401 Client Error: Unauthorized for url: https://api.clinicorp.com/rest/v1/appointment/list
2026-06-09 15:04:53,099 - WARNING -   Nenhum dado extraído para appointments
2026-06-09 15:04:53,131 - INFO - HTTP Request: POST https://duydqaxviyyzqawqhmgy.supabase.co/rest/v1/sync_log "HTTP/2 401 Unauthorized"
2026-06-09 15:04:53,131 - ERROR - Erro ao atualizar sync_log para appointments: {'message': 'JSON could not be generated', 'code': 401, 'hint': 'Refer to full message for details', 'details': 'b\'{"message":"Invalid API key","hint":"Double check your Supabase `anon` or `service_role` API key."}\''}
2026-06-09 15:04:53,282 - ERROR - Erro ao acessar /procedures/list: 401 Client Error: Unauthorized for url: https://api.clinicorp.com/rest/v1/procedures/list
2026-06-09 15:04:53,282 - WARNING -   Nenhum dado extraído para procedures
2026-06-09 15:04:53,311 - INFO - HTTP Request: POST https://duydqaxviyyzqawqhmgy.supabase.co/rest/v1/sync_log "HTTP/2 401 Unauthorized"
2026-06-09 15:04:53,311 - ERROR - Erro ao atualizar sync_log para procedures: {'message': 'JSON could not be generated', 'code': 401, 'hint': 'Refer to full message for details', 'details': 'b\'{"message":"Invalid API key","hint":"Double check your Supabase `anon` or `service_role` API key."}\''}
2026-06-09 15:04:53,463 - ERROR - Erro ao acessar /estimates/list: 401 Client Error: Unauthorized for url: https://api.clinicorp.com/rest/v1/estimates/list
2026-06-09 15:04:53,464 - WARNING -   Nenhum dado extraído para estimates
2026-06-09 15:04:53,504 - INFO - HTTP Request: POST https://duydqaxviyyzqawqhmgy.supabase.co/rest/v1/sync_log "HTTP/2 401 Unauthorized"
2026-06-09 15:04:53,505 - ERROR - Erro ao atualizar sync_log para estimates: {'message': 'JSON could not be generated', 'code': 401, 'hint': 'Refer to full message for details', 'details': 'b\'{"message":"Invalid API key","hint":"Double check your Supabase `anon` or `service_role` API key."}\''}
2026-06-09 15:04:53,663 - ERROR - Erro ao acessar /financial/list_invoices: 401 Client Error: Unauthorized for url: https://api.clinicorp.com/rest/v1/financial/list_invoices
2026-06-09 15:04:53,664 - WARNING -   Nenhum dado extraído para invoices
2026-06-09 15:04:53,696 - INFO - HTTP Request: POST https://duydqaxviyyzqawqhmgy.supabase.co/rest/v1/sync_log "HTTP/2 401 Unauthorized"
2026-06-09 15:04:53,697 - ERROR - Erro ao atualizar sync_log para invoices: {'message': 'JSON could not be generated', 'code': 401, 'hint': 'Refer to full message for details', 'details': 'b\'{"message":"Invalid API key","hint":"Double check your Supabase `anon` or `service_role` API key."}\''}
2026-06-09 15:04:53,853 - ERROR - Erro ao acessar /financial/list_payments: 401 Client Error: Unauthorized for url: https://api.clinicorp.com/rest/v1/financial/list_payments
2026-06-09 15:04:53,854 - WARNING -   Nenhum dado extraído para payments
2026-06-09 15:04:53,889 - INFO - HTTP Request: POST https://duydqaxviyyzqawqhmgy.supabase.co/rest/v1/sync_log "HTTP/2 401 Unauthorized"
2026-06-09 15:04:53,890 - ERROR - Erro ao atualizar sync_log para payments: {'message': 'JSON could not be generated', 'code': 401, 'hint': 'Refer to full message for details', 'details': 'b\'{"message":"Invalid API key","hint":"Double check your Supabase `anon` or `service_role` API key."}\''}
2026-06-09 15:04:54,048 - ERROR - Erro ao acessar /crm/list_active_campaigns: 401 Client Error: Unauthorized for url: https://api.clinicorp.com/rest/v1/crm/list_active_campaigns
2026-06-09 15:04:54,049 - WARNING -   Nenhum dado extraído para leads
2026-06-09 15:04:54,084 - INFO - HTTP Request: POST https://duydqaxviyyzqawqhmgy.supabase.co/rest/v1/sync_log "HTTP/2 401 Unauthorized"
2026-06-09 15:04:54,086 - ERROR - Erro ao atualizar sync_log para leads: {'message': 'JSON could not be generated', 'code': 401, 'hint': 'Refer to full message for details', 'details': 'b\'{"message":"Invalid API key","hint":"Double check your Supabase `anon` or `service_role` API key."}\''}
2026-06-09 15:04:54,086 - INFO - 
================================================================================
2026-06-09 15:04:54,087 - INFO - RESUMO DA EXTRAÇÃO
2026-06-09 15:04:54,087 - INFO - ================================================================================
2026-06-09 15:06:09,697 - INFO - ================================================================================
2026-06-09 15:06:09,697 - INFO - Iniciando ETL - Modo: initial
2026-06-09 15:06:09,697 - INFO - ================================================================================
2026-06-09 15:06:09,698 - INFO - 
[*] Extraindo clinics...
2026-06-09 15:06:09,962 - ERROR - Erro ao acessar /business/list: 401 Client Error: Unauthorized for url: https://api.clinicorp.com/rest/v1/business/list
2026-06-09 15:06:09,962 - WARNING - [!] Nenhum dado extraido para clinics
2026-06-09 15:06:10,348 - INFO - HTTP Request: POST https://duydqaxviyyzqawqhmgy.supabase.co/rest/v1/sync_log "HTTP/2 201 Created"
2026-06-09 15:06:10,355 - INFO - 
[*] Extraindo users...
2026-06-09 15:06:10,509 - ERROR - Erro ao acessar /security/list_users: 401 Client Error: Unauthorized for url: https://api.clinicorp.com/rest/v1/security/list_users
2026-06-09 15:06:10,510 - WARNING - [!] Nenhum dado extraido para users
2026-06-09 15:06:10,590 - INFO - HTTP Request: POST https://duydqaxviyyzqawqhmgy.supabase.co/rest/v1/sync_log "HTTP/2 201 Created"
2026-06-09 15:06:10,596 - INFO - 
[*] Extraindo patients...
2026-06-09 15:06:10,750 - ERROR - Erro ao acessar /patient/list: 401 Client Error: Unauthorized for url: https://api.clinicorp.com/rest/v1/patient/list
2026-06-09 15:06:10,751 - WARNING - [!] Nenhum dado extraido para patients
2026-06-09 15:06:10,814 - INFO - HTTP Request: POST https://duydqaxviyyzqawqhmgy.supabase.co/rest/v1/sync_log "HTTP/2 201 Created"
2026-06-09 15:06:10,820 - INFO - 
[*] Extraindo professionals...
2026-06-09 15:06:10,972 - ERROR - Erro ao acessar /professional/list_all_professionals: 401 Client Error: Unauthorized for url: https://api.clinicorp.com/rest/v1/professional/list_all_professionals
2026-06-09 15:06:10,973 - WARNING - [!] Nenhum dado extraido para professionals
2026-06-09 15:06:11,034 - INFO - HTTP Request: POST https://duydqaxviyyzqawqhmgy.supabase.co/rest/v1/sync_log "HTTP/2 201 Created"
2026-06-09 15:06:11,039 - INFO - 
[*] Extraindo appointments...
2026-06-09 15:06:11,193 - ERROR - Erro ao acessar /appointment/list: 401 Client Error: Unauthorized for url: https://api.clinicorp.com/rest/v1/appointment/list
2026-06-09 15:06:11,193 - WARNING - [!] Nenhum dado extraido para appointments
2026-06-09 15:06:11,257 - INFO - HTTP Request: POST https://duydqaxviyyzqawqhmgy.supabase.co/rest/v1/sync_log "HTTP/2 201 Created"
2026-06-09 15:06:11,259 - INFO - 
[*] Extraindo procedures...
2026-06-09 15:06:11,411 - ERROR - Erro ao acessar /procedures/list: 401 Client Error: Unauthorized for url: https://api.clinicorp.com/rest/v1/procedures/list
2026-06-09 15:06:11,412 - WARNING - [!] Nenhum dado extraido para procedures
2026-06-09 15:06:11,466 - INFO - HTTP Request: POST https://duydqaxviyyzqawqhmgy.supabase.co/rest/v1/sync_log "HTTP/2 201 Created"
2026-06-09 15:06:11,468 - INFO - 
[*] Extraindo estimates...
2026-06-09 15:06:11,622 - ERROR - Erro ao acessar /estimates/list: 401 Client Error: Unauthorized for url: https://api.clinicorp.com/rest/v1/estimates/list
2026-06-09 15:06:11,622 - WARNING - [!] Nenhum dado extraido para estimates
2026-06-09 15:06:11,717 - INFO - HTTP Request: POST https://duydqaxviyyzqawqhmgy.supabase.co/rest/v1/sync_log "HTTP/2 201 Created"
2026-06-09 15:06:11,723 - INFO - 
[*] Extraindo invoices...
2026-06-09 15:06:11,879 - ERROR - Erro ao acessar /financial/list_invoices: 401 Client Error: Unauthorized for url: https://api.clinicorp.com/rest/v1/financial/list_invoices
2026-06-09 15:06:11,880 - WARNING - [!] Nenhum dado extraido para invoices
2026-06-09 15:06:11,935 - INFO - HTTP Request: POST https://duydqaxviyyzqawqhmgy.supabase.co/rest/v1/sync_log "HTTP/2 201 Created"
2026-06-09 15:06:11,936 - INFO - 
[*] Extraindo payments...
2026-06-09 15:06:12,085 - ERROR - Erro ao acessar /financial/list_payments: 401 Client Error: Unauthorized for url: https://api.clinicorp.com/rest/v1/financial/list_payments
2026-06-09 15:06:12,086 - WARNING - [!] Nenhum dado extraido para payments
2026-06-09 15:06:12,138 - INFO - HTTP Request: POST https://duydqaxviyyzqawqhmgy.supabase.co/rest/v1/sync_log "HTTP/2 201 Created"
2026-06-09 15:06:12,143 - INFO - 
[*] Extraindo leads...
2026-06-09 15:06:12,297 - ERROR - Erro ao acessar /crm/list_active_campaigns: 401 Client Error: Unauthorized for url: https://api.clinicorp.com/rest/v1/crm/list_active_campaigns
2026-06-09 15:06:12,297 - WARNING - [!] Nenhum dado extraido para leads
2026-06-09 15:06:12,349 - INFO - HTTP Request: POST https://duydqaxviyyzqawqhmgy.supabase.co/rest/v1/sync_log "HTTP/2 201 Created"
2026-06-09 15:06:12,354 - INFO - 
================================================================================
2026-06-09 15:06:12,355 - INFO - RESUMO DA EXTRAÇÃO
2026-06-09 15:06:12,355 - INFO - ================================================================================
2026-06-09 15:12:35,650 - INFO - ================================================================================
2026-06-09 15:12:35,650 - INFO - Iniciando ETL - Modo: initial
2026-06-09 15:12:35,650 - INFO - ================================================================================
2026-06-09 15:12:35,650 - INFO - 
[*] Extraindo clinics...
2026-06-09 15:12:35,948 - ERROR - Erro ao acessar /business/list: 401 Client Error: Unauthorized for url: https://api.clinicorp.com/rest/v1/business/list
2026-06-09 15:12:35,949 - WARNING - [!] Nenhum dado extraido para clinics
2026-06-09 15:12:36,420 - INFO - HTTP Request: POST https://duydqaxviyyzqawqhmgy.supabase.co/rest/v1/sync_log "HTTP/2 409 Conflict"
2026-06-09 15:12:36,423 - ERROR - Erro ao atualizar sync_log para clinics: {'message': 'duplicate key value violates unique constraint "sync_log_entity_type_key"', 'code': '23505', 'hint': None, 'details': 'Key (entity_type)=(clinics) already exists.'}
2026-06-09 15:12:36,423 - INFO - 
[*] Extraindo users...
2026-06-09 15:12:36,572 - ERROR - Erro ao acessar /security/list_users: 401 Client Error: Unauthorized for url: https://api.clinicorp.com/rest/v1/security/list_users
2026-06-09 15:12:36,573 - WARNING - [!] Nenhum dado extraido para users
2026-06-09 15:12:36,623 - INFO - HTTP Request: POST https://duydqaxviyyzqawqhmgy.supabase.co/rest/v1/sync_log "HTTP/2 409 Conflict"
2026-06-09 15:12:36,625 - ERROR - Erro ao atualizar sync_log para users: {'message': 'duplicate key value violates unique constraint "sync_log_entity_type_key"', 'code': '23505', 'hint': None, 'details': 'Key (entity_type)=(users) already exists.'}
2026-06-09 15:12:36,626 - INFO - 
[*] Extraindo patients...
2026-06-09 15:12:36,775 - ERROR - Erro ao acessar /patient/list: 401 Client Error: Unauthorized for url: https://api.clinicorp.com/rest/v1/patient/list
2026-06-09 15:12:36,776 - WARNING - [!] Nenhum dado extraido para patients
2026-06-09 15:12:36,836 - INFO - HTTP Request: POST https://duydqaxviyyzqawqhmgy.supabase.co/rest/v1/sync_log "HTTP/2 409 Conflict"
2026-06-09 15:12:36,838 - ERROR - Erro ao atualizar sync_log para patients: {'message': 'duplicate key value violates unique constraint "sync_log_entity_type_key"', 'code': '23505', 'hint': None, 'details': 'Key (entity_type)=(patients) already exists.'}
2026-06-09 15:12:36,838 - INFO - 
[*] Extraindo professionals...
2026-06-09 15:12:36,987 - ERROR - Erro ao acessar /professional/list_all_professionals: 401 Client Error: Unauthorized for url: https://api.clinicorp.com/rest/v1/professional/list_all_professionals
2026-06-09 15:12:36,987 - WARNING - [!] Nenhum dado extraido para professionals
2026-06-09 15:12:37,031 - INFO - HTTP Request: POST https://duydqaxviyyzqawqhmgy.supabase.co/rest/v1/sync_log "HTTP/2 409 Conflict"
2026-06-09 15:12:37,031 - ERROR - Erro ao atualizar sync_log para professionals: {'message': 'duplicate key value violates unique constraint "sync_log_entity_type_key"', 'code': '23505', 'hint': None, 'details': 'Key (entity_type)=(professionals) already exists.'}
2026-06-09 15:12:37,031 - INFO - 
[*] Extraindo appointments...
2026-06-09 15:12:37,179 - ERROR - Erro ao acessar /appointment/list: 401 Client Error: Unauthorized for url: https://api.clinicorp.com/rest/v1/appointment/list
2026-06-09 15:12:37,180 - WARNING - [!] Nenhum dado extraido para appointments
2026-06-09 15:12:37,238 - INFO - HTTP Request: POST https://duydqaxviyyzqawqhmgy.supabase.co/rest/v1/sync_log "HTTP/2 409 Conflict"
2026-06-09 15:12:37,239 - ERROR - Erro ao atualizar sync_log para appointments: {'message': 'duplicate key value violates unique constraint "sync_log_entity_type_key"', 'code': '23505', 'hint': None, 'details': 'Key (entity_type)=(appointments) already exists.'}
2026-06-09 15:12:37,240 - INFO - 
[*] Extraindo procedures...
2026-06-09 15:12:37,389 - ERROR - Erro ao acessar /procedures/list: 401 Client Error: Unauthorized for url: https://api.clinicorp.com/rest/v1/procedures/list
2026-06-09 15:12:37,389 - WARNING - [!] Nenhum dado extraido para procedures
2026-06-09 15:12:37,431 - INFO - HTTP Request: POST https://duydqaxviyyzqawqhmgy.supabase.co/rest/v1/sync_log "HTTP/2 409 Conflict"
2026-06-09 15:12:37,433 - ERROR - Erro ao atualizar sync_log para procedures: {'message': 'duplicate key value violates unique constraint "sync_log_entity_type_key"', 'code': '23505', 'hint': None, 'details': 'Key (entity_type)=(procedures) already exists.'}
2026-06-09 15:12:37,434 - INFO - 
[*] Extraindo estimates...
2026-06-09 15:12:37,583 - ERROR - Erro ao acessar /estimates/list: 401 Client Error: Unauthorized for url: https://api.clinicorp.com/rest/v1/estimates/list
2026-06-09 15:12:37,583 - WARNING - [!] Nenhum dado extraido para estimates
2026-06-09 15:12:37,673 - INFO - HTTP Request: POST https://duydqaxviyyzqawqhmgy.supabase.co/rest/v1/sync_log "HTTP/2 409 Conflict"
2026-06-09 15:12:37,675 - ERROR - Erro ao atualizar sync_log para estimates: {'message': 'duplicate key value violates unique constraint "sync_log_entity_type_key"', 'code': '23505', 'hint': None, 'details': 'Key (entity_type)=(estimates) already exists.'}
2026-06-09 15:12:37,676 - INFO - 
[*] Extraindo invoices...
2026-06-09 15:12:37,826 - ERROR - Erro ao acessar /financial/list_invoices: 401 Client Error: Unauthorized for url: https://api.clinicorp.com/rest/v1/financial/list_invoices
2026-06-09 15:12:37,826 - WARNING - [!] Nenhum dado extraido para invoices
2026-06-09 15:12:37,875 - INFO - HTTP Request: POST https://duydqaxviyyzqawqhmgy.supabase.co/rest/v1/sync_log "HTTP/2 409 Conflict"
2026-06-09 15:12:37,876 - ERROR - Erro ao atualizar sync_log para invoices: {'message': 'duplicate key value violates unique constraint "sync_log_entity_type_key"', 'code': '23505', 'hint': None, 'details': 'Key (entity_type)=(invoices) already exists.'}
2026-06-09 15:12:37,876 - INFO - 
[*] Extraindo payments...
2026-06-09 15:12:38,023 - ERROR - Erro ao acessar /financial/list_payments: 401 Client Error: Unauthorized for url: https://api.clinicorp.com/rest/v1/financial/list_payments
2026-06-09 15:12:38,023 - WARNING - [!] Nenhum dado extraido para payments
2026-06-09 15:12:38,069 - INFO - HTTP Request: POST https://duydqaxviyyzqawqhmgy.supabase.co/rest/v1/sync_log "HTTP/2 409 Conflict"
2026-06-09 15:12:38,069 - ERROR - Erro ao atualizar sync_log para payments: {'message': 'duplicate key value violates unique constraint "sync_log_entity_type_key"', 'code': '23505', 'hint': None, 'details': 'Key (entity_type)=(payments) already exists.'}
2026-06-09 15:12:38,069 - INFO - 
[*] Extraindo leads...
2026-06-09 15:12:38,218 - ERROR - Erro ao acessar /crm/list_active_campaigns: 401 Client Error: Unauthorized for url: https://api.clinicorp.com/rest/v1/crm/list_active_campaigns
2026-06-09 15:12:38,219 - WARNING - [!] Nenhum dado extraido para leads
2026-06-09 15:12:38,265 - INFO - HTTP Request: POST https://duydqaxviyyzqawqhmgy.supabase.co/rest/v1/sync_log "HTTP/2 409 Conflict"
2026-06-09 15:12:38,266 - ERROR - Erro ao atualizar sync_log para leads: {'message': 'duplicate key value violates unique constraint "sync_log_entity_type_key"', 'code': '23505', 'hint': None, 'details': 'Key (entity_type)=(leads) already exists.'}
2026-06-09 15:12:38,266 - INFO - 
================================================================================
2026-06-09 15:12:38,266 - INFO - RESUMO DA EXTRAÇÃO
2026-06-09 15:12:38,266 - INFO - ================================================================================
2026-06-09 15:37:56,289 - INFO - ================================================================================
2026-06-09 15:37:56,289 - INFO - Iniciando ETL - Modo: initial
2026-06-09 15:37:56,289 - INFO - ================================================================================
2026-06-09 15:37:56,289 - INFO - 
[*] Extraindo clinics...
2026-06-09 15:37:56,629 - ERROR - Erro ao acessar /business/list: 400 Client Error: Bad Request for url: https://api.clinicorp.com/rest/v1/business/list
2026-06-09 15:37:56,629 - WARNING - [!] Nenhum dado extraido para clinics
2026-06-09 15:37:57,371 - INFO - HTTP Request: POST https://duydqaxviyyzqawqhmgy.supabase.co/rest/v1/sync_log "HTTP/2 409 Conflict"
2026-06-09 15:37:57,374 - ERROR - Erro ao atualizar sync_log para clinics: {'message': 'duplicate key value violates unique constraint "sync_log_entity_type_key"', 'code': '23505', 'hint': None, 'details': 'Key (entity_type)=(clinics) already exists.'}
2026-06-09 15:37:57,375 - INFO - 
[*] Extraindo users...
2026-06-09 15:37:57,581 - ERROR - Erro ao acessar /security/list_users: 400 Client Error: Bad Request for url: https://api.clinicorp.com/rest/v1/security/list_users
2026-06-09 15:37:57,581 - WARNING - [!] Nenhum dado extraido para users
2026-06-09 15:37:57,648 - INFO - HTTP Request: POST https://duydqaxviyyzqawqhmgy.supabase.co/rest/v1/sync_log "HTTP/2 409 Conflict"
2026-06-09 15:37:57,649 - ERROR - Erro ao atualizar sync_log para users: {'message': 'duplicate key value violates unique constraint "sync_log_entity_type_key"', 'code': '23505', 'hint': None, 'details': 'Key (entity_type)=(users) already exists.'}
2026-06-09 15:37:57,649 - INFO - 
[*] Extraindo patients...
2026-06-09 15:37:57,869 - ERROR - Erro ao acessar /patient/list: 400 Client Error: Bad Request for url: https://api.clinicorp.com/rest/v1/patient/list
2026-06-09 15:37:57,869 - WARNING - [!] Nenhum dado extraido para patients
2026-06-09 15:37:57,932 - INFO - HTTP Request: POST https://duydqaxviyyzqawqhmgy.supabase.co/rest/v1/sync_log "HTTP/2 409 Conflict"
2026-06-09 15:37:57,934 - ERROR - Erro ao atualizar sync_log para patients: {'message': 'duplicate key value violates unique constraint "sync_log_entity_type_key"', 'code': '23505', 'hint': None, 'details': 'Key (entity_type)=(patients) already exists.'}
2026-06-09 15:37:57,934 - INFO - 
[*] Extraindo professionals...
2026-06-09 15:37:58,325 - INFO - HTTP Request: POST https://duydqaxviyyzqawqhmgy.supabase.co/rest/v1/sync_log "HTTP/2 409 Conflict"
2026-06-09 15:37:58,325 - ERROR - Erro ao atualizar sync_log para professionals: {'message': 'duplicate key value violates unique constraint "sync_log_entity_type_key"', 'code': '23505', 'hint': None, 'details': 'Key (entity_type)=(professionals) already exists.'}
2026-06-09 15:37:58,325 - INFO - 
[*] Extraindo appointments...
2026-06-09 15:37:58,552 - ERROR - Erro ao acessar /appointment/list: 400 Client Error: Bad Request for url: https://api.clinicorp.com/rest/v1/appointment/list
2026-06-09 15:37:58,552 - WARNING - [!] Nenhum dado extraido para appointments
2026-06-09 15:37:58,612 - INFO - HTTP Request: POST https://duydqaxviyyzqawqhmgy.supabase.co/rest/v1/sync_log "HTTP/2 409 Conflict"
2026-06-09 15:37:58,614 - ERROR - Erro ao atualizar sync_log para appointments: {'message': 'duplicate key value violates unique constraint "sync_log_entity_type_key"', 'code': '23505', 'hint': None, 'details': 'Key (entity_type)=(appointments) already exists.'}
2026-06-09 15:37:58,614 - INFO - 
[*] Extraindo procedures...
2026-06-09 15:37:59,487 - WARNING - [!] Nenhum dado extraido para procedures
2026-06-09 15:37:59,538 - INFO - HTTP Request: POST https://duydqaxviyyzqawqhmgy.supabase.co/rest/v1/sync_log "HTTP/2 409 Conflict"
2026-06-09 15:37:59,539 - ERROR - Erro ao atualizar sync_log para procedures: {'message': 'duplicate key value violates unique constraint "sync_log_entity_type_key"', 'code': '23505', 'hint': None, 'details': 'Key (entity_type)=(procedures) already exists.'}
2026-06-09 15:37:59,539 - INFO - 
[*] Extraindo estimates...
2026-06-09 15:37:59,773 - ERROR - Erro ao acessar /estimates/list: 400 Client Error: Bad Request for url: https://api.clinicorp.com/rest/v1/estimates/list
2026-06-09 15:37:59,773 - WARNING - [!] Nenhum dado extraido para estimates
2026-06-09 15:37:59,820 - INFO - HTTP Request: POST https://duydqaxviyyzqawqhmgy.supabase.co/rest/v1/sync_log "HTTP/2 409 Conflict"
2026-06-09 15:37:59,821 - ERROR - Erro ao atualizar sync_log para estimates: {'message': 'duplicate key value violates unique constraint "sync_log_entity_type_key"', 'code': '23505', 'hint': None, 'details': 'Key (entity_type)=(estimates) already exists.'}
2026-06-09 15:37:59,821 - INFO - 
[*] Extraindo invoices...
2026-06-09 15:38:00,030 - ERROR - Erro ao acessar /financial/list_invoices: 400 Client Error: Bad Request for url: https://api.clinicorp.com/rest/v1/financial/list_invoices
2026-06-09 15:38:00,030 - WARNING - [!] Nenhum dado extraido para invoices
2026-06-09 15:38:00,081 - INFO - HTTP Request: POST https://duydqaxviyyzqawqhmgy.supabase.co/rest/v1/sync_log "HTTP/2 409 Conflict"
2026-06-09 15:38:00,082 - ERROR - Erro ao atualizar sync_log para invoices: {'message': 'duplicate key value violates unique constraint "sync_log_entity_type_key"', 'code': '23505', 'hint': None, 'details': 'Key (entity_type)=(invoices) already exists.'}
2026-06-09 15:38:00,082 - INFO - 
[*] Extraindo payments...
2026-06-09 15:38:00,287 - ERROR - Erro ao acessar /financial/list_payments: 400 Client Error: Bad Request for url: https://api.clinicorp.com/rest/v1/financial/list_payments
2026-06-09 15:38:00,288 - WARNING - [!] Nenhum dado extraido para payments
2026-06-09 15:38:00,340 - INFO - HTTP Request: POST https://duydqaxviyyzqawqhmgy.supabase.co/rest/v1/sync_log "HTTP/2 409 Conflict"
2026-06-09 15:38:00,342 - ERROR - Erro ao atualizar sync_log para payments: {'message': 'duplicate key value violates unique constraint "sync_log_entity_type_key"', 'code': '23505', 'hint': None, 'details': 'Key (entity_type)=(payments) already exists.'}
2026-06-09 15:38:00,342 - INFO - 
[*] Extraindo leads...
2026-06-09 15:38:00,557 - ERROR - Erro ao acessar /crm/list_active_campaigns: 400 Client Error: Bad Request for url: https://api.clinicorp.com/rest/v1/crm/list_active_campaigns
2026-06-09 15:38:00,557 - WARNING - [!] Nenhum dado extraido para leads
2026-06-09 15:38:00,607 - INFO - HTTP Request: POST https://duydqaxviyyzqawqhmgy.supabase.co/rest/v1/sync_log "HTTP/2 409 Conflict"
2026-06-09 15:38:00,608 - ERROR - Erro ao atualizar sync_log para leads: {'message': 'duplicate key value violates unique constraint "sync_log_entity_type_key"', 'code': '23505', 'hint': None, 'details': 'Key (entity_type)=(leads) already exists.'}
2026-06-09 15:38:00,608 - INFO - 
================================================================================
2026-06-09 15:38:00,608 - INFO - RESUMO DA EXTRAÇÃO
2026-06-09 15:38:00,608 - INFO - ================================================================================
2026-06-09 15:40:17,028 - INFO - ================================================================================
2026-06-09 15:40:17,029 - INFO - Iniciando ETL - Modo: initial
2026-06-09 15:40:17,029 - INFO - ================================================================================
2026-06-09 15:40:17,029 - INFO - 
[*] Extraindo clinics...
2026-06-09 15:40:18,186 - ERROR - Erro ao acessar /business/list: 400 Client Error: Bad Request for url: https://api.clinicorp.com/rest/v1/business/list?business_id=5292365675823104
2026-06-09 15:40:18,186 - WARNING - [!] Nenhum dado extraido para clinics
2026-06-09 15:40:18,431 - INFO - HTTP Request: POST https://duydqaxviyyzqawqhmgy.supabase.co/rest/v1/sync_log "HTTP/2 409 Conflict"
2026-06-09 15:40:18,433 - ERROR - Erro ao atualizar sync_log para clinics: {'message': 'duplicate key value violates unique constraint "sync_log_entity_type_key"', 'code': '23505', 'hint': None, 'details': 'Key (entity_type)=(clinics) already exists.'}
2026-06-09 15:40:18,434 - INFO - 
[*] Extraindo users...
2026-06-09 15:40:18,664 - ERROR - Erro ao acessar /security/list_users: 400 Client Error: Bad Request for url: https://api.clinicorp.com/rest/v1/security/list_users?business_id=5292365675823104
2026-06-09 15:40:18,665 - WARNING - [!] Nenhum dado extraido para users
2026-06-09 15:40:18,727 - INFO - HTTP Request: POST https://duydqaxviyyzqawqhmgy.supabase.co/rest/v1/sync_log "HTTP/2 409 Conflict"
2026-06-09 15:40:18,729 - ERROR - Erro ao atualizar sync_log para users: {'message': 'duplicate key value violates unique constraint "sync_log_entity_type_key"', 'code': '23505', 'hint': None, 'details': 'Key (entity_type)=(users) already exists.'}
2026-06-09 15:40:18,729 - INFO - 
[*] Extraindo patients...
2026-06-09 15:40:18,971 - ERROR - Erro ao acessar /patient/list: 400 Client Error: Bad Request for url: https://api.clinicorp.com/rest/v1/patient/list?business_id=5292365675823104
2026-06-09 15:40:18,972 - WARNING - [!] Nenhum dado extraido para patients
2026-06-09 15:40:19,021 - INFO - HTTP Request: POST https://duydqaxviyyzqawqhmgy.supabase.co/rest/v1/sync_log "HTTP/2 409 Conflict"
2026-06-09 15:40:19,023 - ERROR - Erro ao atualizar sync_log para patients: {'message': 'duplicate key value violates unique constraint "sync_log_entity_type_key"', 'code': '23505', 'hint': None, 'details': 'Key (entity_type)=(patients) already exists.'}
2026-06-09 15:40:19,023 - INFO - 
[*] Extraindo professionals...
2026-06-09 15:40:20,275 - INFO - HTTP Request: POST https://duydqaxviyyzqawqhmgy.supabase.co/rest/v1/professionals?columns=%22specialty%22%2C%22cpf%22%2C%22email%22%2C%22status%22%2C%22phone%22%2C%22last_sync_at%22%2C%22clinic_id%22%2C%22id%22%2C%22updated_at%22%2C%22license_number%22%2C%22full_name%22 "HTTP/2 409 Conflict"
2026-06-09 15:40:20,330 - INFO - HTTP Request: POST https://duydqaxviyyzqawqhmgy.supabase.co/rest/v1/sync_log "HTTP/2 409 Conflict"
2026-06-09 15:40:20,332 - ERROR - Erro ao atualizar sync_log para professionals: {'message': 'duplicate key value violates unique constraint "sync_log_entity_type_key"', 'code': '23505', 'hint': None, 'details': 'Key (entity_type)=(professionals) already exists.'}
2026-06-09 15:40:20,333 - INFO - 
[*] Extraindo appointments...
2026-06-09 15:40:20,565 - ERROR - Erro ao acessar /appointment/list: 400 Client Error: Bad Request for url: https://api.clinicorp.com/rest/v1/appointment/list?business_id=5292365675823104
2026-06-09 15:40:20,565 - WARNING - [!] Nenhum dado extraido para appointments
2026-06-09 15:40:20,620 - INFO - HTTP Request: POST https://duydqaxviyyzqawqhmgy.supabase.co/rest/v1/sync_log "HTTP/2 409 Conflict"
2026-06-09 15:40:20,622 - ERROR - Erro ao atualizar sync_log para appointments: {'message': 'duplicate key value violates unique constraint "sync_log_entity_type_key"', 'code': '23505', 'hint': None, 'details': 'Key (entity_type)=(appointments) already exists.'}
2026-06-09 15:40:20,623 - INFO - 
[*] Extraindo procedures...
2026-06-09 15:40:21,776 - WARNING - [!] Nenhum dado extraido para procedures
2026-06-09 15:40:21,821 - INFO - HTTP Request: POST https://duydqaxviyyzqawqhmgy.supabase.co/rest/v1/sync_log "HTTP/2 409 Conflict"
2026-06-09 15:40:21,823 - ERROR - Erro ao atualizar sync_log para procedures: {'message': 'duplicate key value violates unique constraint "sync_log_entity_type_key"', 'code': '23505', 'hint': None, 'details': 'Key (entity_type)=(procedures) already exists.'}
2026-06-09 15:40:21,823 - INFO - 
[*] Extraindo estimates...
2026-06-09 15:40:22,122 - ERROR - Erro ao acessar /estimates/list: 400 Client Error: Bad Request for url: https://api.clinicorp.com/rest/v1/estimates/list?business_id=5292365675823104
2026-06-09 15:40:22,123 - WARNING - [!] Nenhum dado extraido para estimates
2026-06-09 15:40:22,170 - INFO - HTTP Request: POST https://duydqaxviyyzqawqhmgy.supabase.co/rest/v1/sync_log "HTTP/2 409 Conflict"
2026-06-09 15:40:22,171 - ERROR - Erro ao atualizar sync_log para estimates: {'message': 'duplicate key value violates unique constraint "sync_log_entity_type_key"', 'code': '23505', 'hint': None, 'details': 'Key (entity_type)=(estimates) already exists.'}
2026-06-09 15:40:22,172 - INFO - 
[*] Extraindo invoices...
2026-06-09 15:40:22,782 - ERROR - Erro ao acessar /financial/list_invoices: 400 Client Error: Bad Request for url: https://api.clinicorp.com/rest/v1/financial/list_invoices?business_id=5292365675823104
2026-06-09 15:40:22,782 - WARNING - [!] Nenhum dado extraido para invoices
2026-06-09 15:40:22,826 - INFO - HTTP Request: POST https://duydqaxviyyzqawqhmgy.supabase.co/rest/v1/sync_log "HTTP/2 409 Conflict"
2026-06-09 15:40:22,827 - ERROR - Erro ao atualizar sync_log para invoices: {'message': 'duplicate key value violates unique constraint "sync_log_entity_type_key"', 'code': '23505', 'hint': None, 'details': 'Key (entity_type)=(invoices) already exists.'}
2026-06-09 15:40:22,828 - INFO - 
[*] Extraindo payments...
2026-06-09 15:40:23,083 - ERROR - Erro ao acessar /financial/list_payments: 400 Client Error: Bad Request for url: https://api.clinicorp.com/rest/v1/financial/list_payments?business_id=5292365675823104
2026-06-09 15:40:23,083 - WARNING - [!] Nenhum dado extraido para payments
2026-06-09 15:40:23,126 - INFO - HTTP Request: POST https://duydqaxviyyzqawqhmgy.supabase.co/rest/v1/sync_log "HTTP/2 409 Conflict"
2026-06-09 15:40:23,128 - ERROR - Erro ao atualizar sync_log para payments: {'message': 'duplicate key value violates unique constraint "sync_log_entity_type_key"', 'code': '23505', 'hint': None, 'details': 'Key (entity_type)=(payments) already exists.'}
2026-06-09 15:40:23,128 - INFO - 
[*] Extraindo leads...
2026-06-09 15:40:23,329 - ERROR - Erro ao acessar /crm/list_active_campaigns: 400 Client Error: Bad Request for url: https://api.clinicorp.com/rest/v1/crm/list_active_campaigns?business_id=5292365675823104
2026-06-09 15:40:23,329 - WARNING - [!] Nenhum dado extraido para leads
2026-06-09 15:40:23,371 - INFO - HTTP Request: POST https://duydqaxviyyzqawqhmgy.supabase.co/rest/v1/sync_log "HTTP/2 409 Conflict"
2026-06-09 15:40:23,372 - ERROR - Erro ao atualizar sync_log para leads: {'message': 'duplicate key value violates unique constraint "sync_log_entity_type_key"', 'code': '23505', 'hint': None, 'details': 'Key (entity_type)=(leads) already exists.'}
2026-06-09 15:40:23,373 - INFO - 
================================================================================
2026-06-09 15:40:23,373 - INFO - RESUMO DA EXTRAÇÃO
2026-06-09 15:40:23,373 - INFO - ================================================================================
2026-06-09 15:40:34,916 - INFO - ================================================================================
2026-06-09 15:40:34,916 - INFO - Iniciando ETL - Modo: initial
2026-06-09 15:40:34,916 - INFO - ================================================================================
2026-06-09 15:40:34,916 - INFO - 
[*] Extraindo clinics...
2026-06-09 15:40:35,229 - ERROR - Erro ao acessar /business/list: 400 Client Error: Bad Request for url: https://api.clinicorp.com/rest/v1/business/list?business_id=5292365675823104
2026-06-09 15:40:35,229 - WARNING - [!] Nenhum dado extraido para clinics
2026-06-09 15:40:35,446 - INFO - HTTP Request: POST https://duydqaxviyyzqawqhmgy.supabase.co/rest/v1/sync_log "HTTP/2 409 Conflict"
2026-06-09 15:40:35,449 - ERROR - Erro ao atualizar sync_log para clinics: {'message': 'duplicate key value violates unique constraint "sync_log_entity_type_key"', 'code': '23505', 'hint': None, 'details': 'Key (entity_type)=(clinics) already exists.'}
2026-06-09 15:40:35,449 - INFO - 
[*] Extraindo users...
2026-06-09 15:40:35,651 - ERROR - Erro ao acessar /security/list_users: 400 Client Error: Bad Request for url: https://api.clinicorp.com/rest/v1/security/list_users?business_id=5292365675823104
2026-06-09 15:40:35,652 - WARNING - [!] Nenhum dado extraido para users
2026-06-09 15:40:35,707 - INFO - HTTP Request: POST https://duydqaxviyyzqawqhmgy.supabase.co/rest/v1/sync_log "HTTP/2 409 Conflict"
2026-06-09 15:40:35,708 - ERROR - Erro ao atualizar sync_log para users: {'message': 'duplicate key value violates unique constraint "sync_log_entity_type_key"', 'code': '23505', 'hint': None, 'details': 'Key (entity_type)=(users) already exists.'}
2026-06-09 15:40:35,708 - INFO - 
[*] Extraindo patients...
2026-06-09 15:40:35,912 - ERROR - Erro ao acessar /patient/list: 400 Client Error: Bad Request for url: https://api.clinicorp.com/rest/v1/patient/list?business_id=5292365675823104
2026-06-09 15:40:35,913 - WARNING - [!] Nenhum dado extraido para patients
2026-06-09 15:40:35,955 - INFO - HTTP Request: POST https://duydqaxviyyzqawqhmgy.supabase.co/rest/v1/sync_log "HTTP/2 409 Conflict"
2026-06-09 15:40:35,957 - ERROR - Erro ao atualizar sync_log para patients: {'message': 'duplicate key value violates unique constraint "sync_log_entity_type_key"', 'code': '23505', 'hint': None, 'details': 'Key (entity_type)=(patients) already exists.'}
2026-06-09 15:40:35,957 - INFO - 
[*] Extraindo professionals...
2026-06-09 15:40:36,374 - INFO - HTTP Request: POST https://duydqaxviyyzqawqhmgy.supabase.co/rest/v1/professionals?columns=%22cpf%22%2C%22license_number%22%2C%22clinic_id%22%2C%22full_name%22%2C%22id%22%2C%22status%22%2C%22specialty%22%2C%22email%22%2C%22updated_at%22%2C%22phone%22%2C%22last_sync_at%22 "HTTP/2 409 Conflict"
2026-06-09 15:40:36,419 - INFO - HTTP Request: POST https://duydqaxviyyzqawqhmgy.supabase.co/rest/v1/sync_log "HTTP/2 409 Conflict"
2026-06-09 15:40:36,421 - ERROR - Erro ao atualizar sync_log para professionals: {'message': 'duplicate key value violates unique constraint "sync_log_entity_type_key"', 'code': '23505', 'hint': None, 'details': 'Key (entity_type)=(professionals) already exists.'}
2026-06-09 15:40:36,422 - INFO - 
[*] Extraindo appointments...
2026-06-09 15:40:36,931 - ERROR - Erro ao acessar /appointment/list: 400 Client Error: Bad Request for url: https://api.clinicorp.com/rest/v1/appointment/list?business_id=5292365675823104
2026-06-09 15:40:36,931 - WARNING - [!] Nenhum dado extraido para appointments
2026-06-09 15:40:36,973 - INFO - HTTP Request: POST https://duydqaxviyyzqawqhmgy.supabase.co/rest/v1/sync_log "HTTP/2 409 Conflict"
2026-06-09 15:40:36,975 - ERROR - Erro ao atualizar sync_log para appointments: {'message': 'duplicate key value violates unique constraint "sync_log_entity_type_key"', 'code': '23505', 'hint': None, 'details': 'Key (entity_type)=(appointments) already exists.'}
2026-06-09 15:40:36,975 - INFO - 
[*] Extraindo procedures...
2026-06-09 15:40:37,682 - WARNING - [!] Nenhum dado extraido para procedures
2026-06-09 15:40:37,726 - INFO - HTTP Request: POST https://duydqaxviyyzqawqhmgy.supabase.co/rest/v1/sync_log "HTTP/2 409 Conflict"
2026-06-09 15:40:37,727 - ERROR - Erro ao atualizar sync_log para procedures: {'message': 'duplicate key value violates unique constraint "sync_log_entity_type_key"', 'code': '23505', 'hint': None, 'details': 'Key (entity_type)=(procedures) already exists.'}
2026-06-09 15:40:37,727 - INFO - 
[*] Extraindo estimates...
2026-06-09 15:40:37,952 - ERROR - Erro ao acessar /estimates/list: 400 Client Error: Bad Request for url: https://api.clinicorp.com/rest/v1/estimates/list?business_id=5292365675823104
2026-06-09 15:40:37,953 - WARNING - [!] Nenhum dado extraido para estimates
2026-06-09 15:40:38,002 - INFO - HTTP Request: POST https://duydqaxviyyzqawqhmgy.supabase.co/rest/v1/sync_log "HTTP/2 409 Conflict"
2026-06-09 15:40:38,004 - ERROR - Erro ao atualizar sync_log para estimates: {'message': 'duplicate key value violates unique constraint "sync_log_entity_type_key"', 'code': '23505', 'hint': None, 'details': 'Key (entity_type)=(estimates) already exists.'}
2026-06-09 15:40:38,005 - INFO - 
[*] Extraindo invoices...
2026-06-09 15:40:38,207 - ERROR - Erro ao acessar /financial/list_invoices: 400 Client Error: Bad Request for url: https://api.clinicorp.com/rest/v1/financial/list_invoices?business_id=5292365675823104
2026-06-09 15:40:38,207 - WARNING - [!] Nenhum dado extraido para invoices
2026-06-09 15:40:38,244 - INFO - HTTP Request: POST https://duydqaxviyyzqawqhmgy.supabase.co/rest/v1/sync_log "HTTP/2 409 Conflict"
2026-06-09 15:40:38,244 - ERROR - Erro ao atualizar sync_log para invoices: {'message': 'duplicate key value violates unique constraint "sync_log_entity_type_key"', 'code': '23505', 'hint': None, 'details': 'Key (entity_type)=(invoices) already exists.'}
2026-06-09 15:40:38,244 - INFO - 
[*] Extraindo payments...
2026-06-09 15:40:38,450 - ERROR - Erro ao acessar /financial/list_payments: 400 Client Error: Bad Request for url: https://api.clinicorp.com/rest/v1/financial/list_payments?business_id=5292365675823104
2026-06-09 15:40:38,450 - WARNING - [!] Nenhum dado extraido para payments
2026-06-09 15:40:38,486 - INFO - HTTP Request: POST https://duydqaxviyyzqawqhmgy.supabase.co/rest/v1/sync_log "HTTP/2 409 Conflict"
2026-06-09 15:40:38,487 - ERROR - Erro ao atualizar sync_log para payments: {'message': 'duplicate key value violates unique constraint "sync_log_entity_type_key"', 'code': '23505', 'hint': None, 'details': 'Key (entity_type)=(payments) already exists.'}
2026-06-09 15:40:38,487 - INFO - 
[*] Extraindo leads...
2026-06-09 15:40:38,691 - ERROR - Erro ao acessar /crm/list_active_campaigns: 400 Client Error: Bad Request for url: https://api.clinicorp.com/rest/v1/crm/list_active_campaigns?business_id=5292365675823104
2026-06-09 15:40:38,691 - WARNING - [!] Nenhum dado extraido para leads
2026-06-09 15:40:38,737 - INFO - HTTP Request: POST https://duydqaxviyyzqawqhmgy.supabase.co/rest/v1/sync_log "HTTP/2 409 Conflict"
2026-06-09 15:40:38,738 - ERROR - Erro ao atualizar sync_log para leads: {'message': 'duplicate key value violates unique constraint "sync_log_entity_type_key"', 'code': '23505', 'hint': None, 'details': 'Key (entity_type)=(leads) already exists.'}
2026-06-09 15:40:38,738 - INFO - 
================================================================================
2026-06-09 15:40:38,738 - INFO - RESUMO DA EXTRAÇÃO
2026-06-09 15:40:38,738 - INFO - ================================================================================
2026-06-09 15:40:54,276 - INFO - ================================================================================
2026-06-09 15:40:54,277 - INFO - Iniciando ETL - Modo: initial
2026-06-09 15:40:54,277 - INFO - ================================================================================
2026-06-09 15:40:54,277 - INFO - 
[*] Extraindo clinics...
2026-06-09 15:40:54,631 - ERROR - Erro ao acessar /business/list: 400 Client Error: Bad Request for url: https://api.clinicorp.com/rest/v1/business/list?business_id=5292365675823104
2026-06-09 15:40:54,632 - WARNING - [!] Nenhum dado extraido para clinics
2026-06-09 15:40:54,867 - INFO - HTTP Request: POST https://duydqaxviyyzqawqhmgy.supabase.co/rest/v1/sync_log "HTTP/2 409 Conflict"
2026-06-09 15:40:54,870 - ERROR - Erro ao atualizar sync_log para clinics: {'message': 'duplicate key value violates unique constraint "sync_log_entity_type_key"', 'code': '23505', 'hint': None, 'details': 'Key (entity_type)=(clinics) already exists.'}
2026-06-09 15:40:54,871 - INFO - 
[*] Extraindo users...
2026-06-09 15:40:55,082 - ERROR - Erro ao acessar /security/list_users: 400 Client Error: Bad Request for url: https://api.clinicorp.com/rest/v1/security/list_users?business_id=5292365675823104
2026-06-09 15:40:55,082 - WARNING - [!] Nenhum dado extraido para users
2026-06-09 15:40:55,149 - INFO - HTTP Request: POST https://duydqaxviyyzqawqhmgy.supabase.co/rest/v1/sync_log "HTTP/2 409 Conflict"
2026-06-09 15:40:55,151 - ERROR - Erro ao atualizar sync_log para users: {'message': 'duplicate key value violates unique constraint "sync_log_entity_type_key"', 'code': '23505', 'hint': None, 'details': 'Key (entity_type)=(users) already exists.'}
2026-06-09 15:40:55,152 - INFO - 
[*] Extraindo patients...
2026-06-09 15:40:55,354 - ERROR - Erro ao acessar /patient/list: 400 Client Error: Bad Request for url: https://api.clinicorp.com/rest/v1/patient/list?business_id=5292365675823104
2026-06-09 15:40:55,355 - WARNING - [!] Nenhum dado extraido para patients
2026-06-09 15:40:55,419 - INFO - HTTP Request: POST https://duydqaxviyyzqawqhmgy.supabase.co/rest/v1/sync_log "HTTP/2 409 Conflict"
2026-06-09 15:40:55,421 - ERROR - Erro ao atualizar sync_log para patients: {'message': 'duplicate key value violates unique constraint "sync_log_entity_type_key"', 'code': '23505', 'hint': None, 'details': 'Key (entity_type)=(patients) already exists.'}
2026-06-09 15:40:55,421 - INFO - 
[*] Extraindo professionals...
2026-06-09 15:40:55,884 - INFO - HTTP Request: POST https://duydqaxviyyzqawqhmgy.supabase.co/rest/v1/professionals?columns=%22phone%22%2C%22clinic_id%22%2C%22updated_at%22%2C%22license_number%22%2C%22email%22%2C%22last_sync_at%22%2C%22specialty%22%2C%22cpf%22%2C%22id%22%2C%22status%22%2C%22full_name%22 "HTTP/2 409 Conflict"
2026-06-09 15:40:55,948 - INFO - HTTP Request: POST https://duydqaxviyyzqawqhmgy.supabase.co/rest/v1/sync_log "HTTP/2 409 Conflict"
2026-06-09 15:40:55,950 - ERROR - Erro ao atualizar sync_log para professionals: {'message': 'duplicate key value violates unique constraint "sync_log_entity_type_key"', 'code': '23505', 'hint': None, 'details': 'Key (entity_type)=(professionals) already exists.'}
2026-06-09 15:40:55,950 - INFO - 
[*] Extraindo appointments...
2026-06-09 15:40:56,170 - ERROR - Erro ao acessar /appointment/list: 400 Client Error: Bad Request for url: https://api.clinicorp.com/rest/v1/appointment/list?business_id=5292365675823104
2026-06-09 15:40:56,171 - WARNING - [!] Nenhum dado extraido para appointments
2026-06-09 15:40:56,238 - INFO - HTTP Request: POST https://duydqaxviyyzqawqhmgy.supabase.co/rest/v1/sync_log "HTTP/2 409 Conflict"
2026-06-09 15:40:56,240 - ERROR - Erro ao atualizar sync_log para appointments: {'message': 'duplicate key value violates unique constraint "sync_log_entity_type_key"', 'code': '23505', 'hint': None, 'details': 'Key (entity_type)=(appointments) already exists.'}
2026-06-09 15:40:56,240 - INFO - 
[*] Extraindo procedures...
2026-06-09 15:40:57,353 - WARNING - [!] Nenhum dado extraido para procedures
2026-06-09 15:40:57,418 - INFO - HTTP Request: POST https://duydqaxviyyzqawqhmgy.supabase.co/rest/v1/sync_log "HTTP/2 409 Conflict"
2026-06-09 15:40:57,420 - ERROR - Erro ao atualizar sync_log para procedures: {'message': 'duplicate key value violates unique constraint "sync_log_entity_type_key"', 'code': '23505', 'hint': None, 'details': 'Key (entity_type)=(procedures) already exists.'}
2026-06-09 15:40:57,420 - INFO - 
[*] Extraindo estimates...
2026-06-09 15:40:57,646 - ERROR - Erro ao acessar /estimates/list: 400 Client Error: Bad Request for url: https://api.clinicorp.com/rest/v1/estimates/list?business_id=5292365675823104
2026-06-09 15:40:57,647 - WARNING - [!] Nenhum dado extraido para estimates
2026-06-09 15:40:57,712 - INFO - HTTP Request: POST https://duydqaxviyyzqawqhmgy.supabase.co/rest/v1/sync_log "HTTP/2 409 Conflict"
2026-06-09 15:40:57,712 - ERROR - Erro ao atualizar sync_log para estimates: {'message': 'duplicate key value violates unique constraint "sync_log_entity_type_key"', 'code': '23505', 'hint': None, 'details': 'Key (entity_type)=(estimates) already exists.'}
2026-06-09 15:40:57,712 - INFO - 
[*] Extraindo invoices...
2026-06-09 15:40:57,917 - ERROR - Erro ao acessar /financial/list_invoices: 400 Client Error: Bad Request for url: https://api.clinicorp.com/rest/v1/financial/list_invoices?business_id=5292365675823104
2026-06-09 15:40:57,917 - WARNING - [!] Nenhum dado extraido para invoices
2026-06-09 15:40:58,049 - INFO - HTTP Request: POST https://duydqaxviyyzqawqhmgy.supabase.co/rest/v1/sync_log "HTTP/2 409 Conflict"
2026-06-09 15:40:58,051 - ERROR - Erro ao atualizar sync_log para invoices: {'message': 'duplicate key value violates unique constraint "sync_log_entity_type_key"', 'code': '23505', 'hint': None, 'details': 'Key (entity_type)=(invoices) already exists.'}
2026-06-09 15:40:58,051 - INFO - 
[*] Extraindo payments...
2026-06-09 15:40:58,680 - ERROR - Erro ao acessar /financial/list_payments: 400 Client Error: Bad Request for url: https://api.clinicorp.com/rest/v1/financial/list_payments?business_id=5292365675823104
2026-06-09 15:40:58,680 - WARNING - [!] Nenhum dado extraido para payments
2026-06-09 15:40:58,729 - INFO - HTTP Request: POST https://duydqaxviyyzqawqhmgy.supabase.co/rest/v1/sync_log "HTTP/2 409 Conflict"
2026-06-09 15:40:58,731 - ERROR - Erro ao atualizar sync_log para payments: {'message': 'duplicate key value violates unique constraint "sync_log_entity_type_key"', 'code': '23505', 'hint': None, 'details': 'Key (entity_type)=(payments) already exists.'}
2026-06-09 15:40:58,731 - INFO - 
[*] Extraindo leads...
2026-06-09 15:40:59,137 - ERROR - Erro ao acessar /crm/list_active_campaigns: 400 Client Error: Bad Request for url: https://api.clinicorp.com/rest/v1/crm/list_active_campaigns?business_id=5292365675823104
2026-06-09 15:40:59,138 - WARNING - [!] Nenhum dado extraido para leads
2026-06-09 15:40:59,187 - INFO - HTTP Request: POST https://duydqaxviyyzqawqhmgy.supabase.co/rest/v1/sync_log "HTTP/2 409 Conflict"
2026-06-09 15:40:59,189 - ERROR - Erro ao atualizar sync_log para leads: {'message': 'duplicate key value violates unique constraint "sync_log_entity_type_key"', 'code': '23505', 'hint': None, 'details': 'Key (entity_type)=(leads) already exists.'}
2026-06-09 15:40:59,190 - INFO - 
================================================================================
2026-06-09 15:40:59,190 - INFO - RESUMO DA EXTRAÇÃO
2026-06-09 15:40:59,190 - INFO - ================================================================================
2026-06-09 15:45:28,733 - INFO - ================================================================================
2026-06-09 15:45:28,734 - INFO - Iniciando ETL - Modo: initial
2026-06-09 15:45:28,734 - INFO - ================================================================================
2026-06-09 15:45:28,734 - INFO - 
[*] Extraindo professionals...
2026-06-09 15:45:29,895 - INFO - HTTP Request: POST https://duydqaxviyyzqawqhmgy.supabase.co/rest/v1/professionals?columns=%22status%22%2C%22clinic_id%22%2C%22id%22%2C%22cpf%22%2C%22email%22%2C%22specialty%22%2C%22last_sync_at%22%2C%22full_name%22%2C%22license_number%22%2C%22phone%22%2C%22updated_at%22 "HTTP/2 409 Conflict"
2026-06-09 15:45:29,975 - INFO - HTTP Request: POST https://duydqaxviyyzqawqhmgy.supabase.co/rest/v1/sync_log "HTTP/2 409 Conflict"
2026-06-09 15:45:29,977 - ERROR - Erro ao atualizar sync_log para professionals: {'message': 'duplicate key value violates unique constraint "sync_log_entity_type_key"', 'code': '23505', 'hint': None, 'details': 'Key (entity_type)=(professionals) already exists.'}
2026-06-09 15:45:29,978 - INFO - 
[*] Extraindo procedures...
2026-06-09 15:45:30,704 - WARNING - [!] Nenhum dado extraido para procedures
2026-06-09 15:45:30,769 - INFO - HTTP Request: POST https://duydqaxviyyzqawqhmgy.supabase.co/rest/v1/sync_log "HTTP/2 409 Conflict"
2026-06-09 15:45:30,771 - ERROR - Erro ao atualizar sync_log para procedures: {'message': 'duplicate key value violates unique constraint "sync_log_entity_type_key"', 'code': '23505', 'hint': None, 'details': 'Key (entity_type)=(procedures) already exists.'}
2026-06-09 15:45:30,771 - INFO - 
================================================================================
2026-06-09 15:45:30,772 - INFO - RESUMO DA EXTRAÇÃO
2026-06-09 15:45:30,772 - INFO - ================================================================================
2026-06-09 15:45:41,118 - INFO - ================================================================================
2026-06-09 15:45:41,118 - INFO - Iniciando ETL - Modo: initial
2026-06-09 15:45:41,118 - INFO - ================================================================================
2026-06-09 15:45:41,118 - INFO - 
[*] Extraindo professionals...
2026-06-09 15:45:42,512 - INFO - HTTP Request: POST https://duydqaxviyyzqawqhmgy.supabase.co/rest/v1/professionals?columns=%22phone%22%2C%22cpf%22%2C%22specialty%22%2C%22license_number%22%2C%22clinic_id%22%2C%22email%22%2C%22id%22%2C%22status%22%2C%22updated_at%22%2C%22full_name%22%2C%22last_sync_at%22 "HTTP/2 409 Conflict"
2026-06-09 15:45:42,567 - INFO - HTTP Request: POST https://duydqaxviyyzqawqhmgy.supabase.co/rest/v1/sync_log "HTTP/2 409 Conflict"
2026-06-09 15:45:42,568 - ERROR - Erro ao atualizar sync_log para professionals: {'message': 'duplicate key value violates unique constraint "sync_log_entity_type_key"', 'code': '23505', 'hint': None, 'details': 'Key (entity_type)=(professionals) already exists.'}
2026-06-09 15:45:42,568 - INFO - 
[*] Extraindo procedures...
2026-06-09 15:45:43,393 - WARNING - [!] Nenhum dado extraido para procedures
2026-06-09 15:45:43,459 - INFO - HTTP Request: POST https://duydqaxviyyzqawqhmgy.supabase.co/rest/v1/sync_log "HTTP/2 409 Conflict"
2026-06-09 15:45:43,460 - ERROR - Erro ao atualizar sync_log para procedures: {'message': 'duplicate key value violates unique constraint "sync_log_entity_type_key"', 'code': '23505', 'hint': None, 'details': 'Key (entity_type)=(procedures) already exists.'}
2026-06-09 15:45:43,460 - INFO - 
================================================================================
2026-06-09 15:45:43,461 - INFO - RESUMO DA EXTRAÇÃO
2026-06-09 15:45:43,461 - INFO - ================================================================================
2026-06-09 15:46:05,901 - INFO - ================================================================================
2026-06-09 15:46:05,902 - INFO - Iniciando ETL - Modo: initial
2026-06-09 15:46:05,902 - INFO - ================================================================================
2026-06-09 15:46:05,902 - INFO - 
[*] Extraindo professionals...
2026-06-09 15:46:06,495 - INFO - HTTP Request: POST https://duydqaxviyyzqawqhmgy.supabase.co/rest/v1/professionals?columns=%22id%22%2C%22full_name%22%2C%22specialty%22%2C%22cpf%22%2C%22last_sync_at%22%2C%22clinic_id%22%2C%22updated_at%22%2C%22phone%22%2C%22license_number%22%2C%22status%22%2C%22email%22 "HTTP/2 409 Conflict"
2026-06-09 15:46:06,541 - INFO - HTTP Request: POST https://duydqaxviyyzqawqhmgy.supabase.co/rest/v1/sync_log "HTTP/2 409 Conflict"
2026-06-09 15:46:06,541 - ERROR - Erro ao atualizar sync_log para professionals: {'message': 'duplicate key value violates unique constraint "sync_log_entity_type_key"', 'code': '23505', 'hint': None, 'details': 'Key (entity_type)=(professionals) already exists.'}
2026-06-09 15:46:06,541 - INFO - 
[*] Extraindo procedures...
2026-06-09 15:46:07,684 - WARNING - [!] Nenhum dado extraido para procedures
2026-06-09 15:46:07,746 - INFO - HTTP Request: POST https://duydqaxviyyzqawqhmgy.supabase.co/rest/v1/sync_log "HTTP/2 409 Conflict"
2026-06-09 15:46:07,748 - ERROR - Erro ao atualizar sync_log para procedures: {'message': 'duplicate key value violates unique constraint "sync_log_entity_type_key"', 'code': '23505', 'hint': None, 'details': 'Key (entity_type)=(procedures) already exists.'}
2026-06-09 15:46:07,748 - INFO - 
================================================================================
2026-06-09 15:46:07,748 - INFO - RESUMO DA EXTRAÇÃO
2026-06-09 15:46:07,749 - INFO - ================================================================================
2026-06-09 15:49:16,680 - INFO - ================================================================================
2026-06-09 15:49:16,681 - INFO - Iniciando ETL - Modo: initial
2026-06-09 15:49:16,681 - INFO - ================================================================================
2026-06-09 15:49:16,681 - INFO - 
[*] Extraindo professionals...
2026-06-09 15:49:17,410 - INFO - HTTP Request: POST https://duydqaxviyyzqawqhmgy.supabase.co/rest/v1/professionals?columns=%22status%22%2C%22last_sync_at%22%2C%22updated_at%22%2C%22id%22%2C%22clinic_id%22%2C%22specialty%22%2C%22license_number%22%2C%22email%22%2C%22cpf%22%2C%22full_name%22%2C%22phone%22 "HTTP/2 409 Conflict"
2026-06-09 15:49:17,478 - INFO - HTTP Request: POST https://duydqaxviyyzqawqhmgy.supabase.co/rest/v1/sync_log "HTTP/2 409 Conflict"
2026-06-09 15:49:17,479 - ERROR - Erro ao atualizar sync_log para professionals: {'message': 'duplicate key value violates unique constraint "sync_log_entity_type_key"', 'code': '23505', 'hint': None, 'details': 'Key (entity_type)=(professionals) already exists.'}
2026-06-09 15:49:17,479 - INFO - 
[*] Extraindo procedures...
2026-06-09 15:49:18,605 - WARNING - [!] Nenhum dado extraido para procedures
2026-06-09 15:49:18,659 - INFO - HTTP Request: POST https://duydqaxviyyzqawqhmgy.supabase.co/rest/v1/sync_log "HTTP/2 409 Conflict"
2026-06-09 15:49:18,660 - ERROR - Erro ao atualizar sync_log para procedures: {'message': 'duplicate key value violates unique constraint "sync_log_entity_type_key"', 'code': '23505', 'hint': None, 'details': 'Key (entity_type)=(procedures) already exists.'}
2026-06-09 15:49:18,661 - INFO - 
================================================================================
2026-06-09 15:49:18,661 - INFO - RESUMO DA EXTRAÇÃO
2026-06-09 15:49:18,662 - INFO - ================================================================================
2026-06-09 15:50:29,245 - INFO - ================================================================================
2026-06-09 15:50:29,245 - INFO - Iniciando ETL - Modo: initial
2026-06-09 15:50:29,246 - INFO - ================================================================================
2026-06-09 15:50:29,246 - INFO - 
[*] Extraindo professionals...
2026-06-09 15:50:30,019 - INFO - HTTP Request: POST https://duydqaxviyyzqawqhmgy.supabase.co/rest/v1/professionals?columns=%22specialty%22%2C%22updated_at%22%2C%22license_number%22%2C%22email%22%2C%22clinic_id%22%2C%22cpf%22%2C%22last_sync_at%22%2C%22id%22%2C%22phone%22%2C%22full_name%22%2C%22status%22 "HTTP/2 409 Conflict"
2026-06-09 15:50:30,091 - INFO - HTTP Request: POST https://duydqaxviyyzqawqhmgy.supabase.co/rest/v1/sync_log "HTTP/2 201 Created"
2026-06-09 15:50:30,093 - INFO - 
[*] Extraindo procedures...
2026-06-09 15:50:30,785 - WARNING - [!] Nenhum dado extraido para procedures
2026-06-09 15:50:30,850 - INFO - HTTP Request: POST https://duydqaxviyyzqawqhmgy.supabase.co/rest/v1/sync_log "HTTP/2 201 Created"
2026-06-09 15:50:30,852 - INFO - 
================================================================================
2026-06-09 15:50:30,852 - INFO - RESUMO DA EXTRAÇÃO
2026-06-09 15:50:30,852 - INFO - ================================================================================
2026-06-09 15:50:56,176 - INFO - ================================================================================
2026-06-09 15:50:56,176 - INFO - Iniciando ETL - Modo: initial
2026-06-09 15:50:56,176 - INFO - ================================================================================
2026-06-09 15:50:56,176 - INFO - 
[*] Extraindo professionals...
2026-06-09 15:50:57,063 - INFO - HTTP Request: POST https://duydqaxviyyzqawqhmgy.supabase.co/rest/v1/professionals?columns=%22status%22%2C%22full_name%22%2C%22specialty%22%2C%22email%22%2C%22updated_at%22%2C%22license_number%22%2C%22clinic_id%22%2C%22phone%22%2C%22id%22%2C%22last_sync_at%22%2C%22cpf%22 "HTTP/2 409 Conflict"
2026-06-09 15:50:57,117 - INFO - HTTP Request: POST https://duydqaxviyyzqawqhmgy.supabase.co/rest/v1/sync_log "HTTP/2 409 Conflict"
2026-06-09 15:50:57,118 - ERROR - Erro ao atualizar sync_log para professionals: {'message': 'duplicate key value violates unique constraint "sync_log_entity_type_key"', 'code': '23505', 'hint': None, 'details': 'Key (entity_type)=(professionals) already exists.'}
2026-06-09 15:50:57,118 - INFO - 
[*] Extraindo procedures...
2026-06-09 15:50:58,450 - WARNING - [!] Nenhum dado extraido para procedures
2026-06-09 15:50:58,509 - INFO - HTTP Request: POST https://duydqaxviyyzqawqhmgy.supabase.co/rest/v1/sync_log "HTTP/2 409 Conflict"
2026-06-09 15:50:58,510 - ERROR - Erro ao atualizar sync_log para procedures: {'message': 'duplicate key value violates unique constraint "sync_log_entity_type_key"', 'code': '23505', 'hint': None, 'details': 'Key (entity_type)=(procedures) already exists.'}
2026-06-09 15:50:58,510 - INFO - 
================================================================================
2026-06-09 15:50:58,510 - INFO - RESUMO DA EXTRAÇÃO
2026-06-09 15:50:58,510 - INFO - ================================================================================
